\BOOKMARK [0][-]{chapter.1}{\376\377\000I\000n\000t\000r\000o\000d\000u\000c\000e\000r\000e}{}% 1
\BOOKMARK [1][-]{section.1.1}{\376\377\000C\000o\000n\000t\000e\000x\000t\000u\000l\000\040\002\031\000i\000\040\000m\000o\000t\000i\000v\000a\002\033\000i\000a}{chapter.1}% 2
\BOOKMARK [1][-]{section.1.2}{\376\377\000E\000n\000u\000n\002\033\000u\000l\000\040\000p\000r\000o\000b\000l\000e\000m\000e\000i}{chapter.1}% 3
\BOOKMARK [1][-]{section.1.3}{\376\377\000O\000b\000i\000e\000c\000t\000i\000v\000e\000l\000e\000\040\000l\000u\000c\000r\001\003\000r\000i\000i}{chapter.1}% 4
\BOOKMARK [1][-]{section.1.4}{\376\377\000C\000o\000n\000t\000r\000i\000b\000u\002\033\000i\000i\000\040\000o\000r\000i\000g\000i\000n\000a\000l\000e}{chapter.1}% 5
\BOOKMARK [1][-]{section.1.5}{\376\377\000S\000t\000r\000u\000c\000t\000u\000r\000a\000\040\000l\000u\000c\000r\001\003\000r\000i\000i}{chapter.1}% 6
\BOOKMARK [0][-]{chapter.2}{\376\377\000F\000u\000n\000d\000a\000m\000e\000n\000t\000e\000\040\000T\000e\000o\000r\000e\000t\000i\000c\000e\000\040\002\031\000i\000\040\000S\000t\000a\000d\000i\000u\000l\000\040\000A\000r\000t\000e\000i}{}% 7
\BOOKMARK [1][-]{section.2.1}{\376\377\000M\000o\000d\000e\000l\000u\000l\000\040\000d\000e\000\040\000s\000e\000c\000u\000r\000i\000t\000a\000t\000e\000\040\000L\000i\000n\000u\000x}{chapter.2}% 8
\BOOKMARK [2][-]{subsection.2.1.1}{\376\377\000A\000p\000e\000l\000u\000r\000i\000\040\000d\000e\000\040\000s\000i\000s\000t\000e\000m\000\040\002\031\000i\000\040\000f\000r\000o\000n\000t\000i\000e\000r\000a\000\040\000k\000e\000r\000n\000e\000l\000-\000u\000t\000i\000l\000i\000z\000a\000t\000o\000r}{section.2.1}% 9
\BOOKMARK [2][-]{subsection.2.1.2}{\376\377\000L\000i\000n\000u\000x\000\040\000S\000e\000c\000u\000r\000i\000t\000y\000\040\000M\000o\000d\000u\000l\000e\000s}{section.2.1}% 10
\BOOKMARK [2][-]{subsection.2.1.3}{\376\377\000N\000a\000m\000e\000s\000p\000a\000c\000e\000s\000\040\002\031\000i\000\040\000g\000r\000u\000p\000u\000r\000i\000\040\000d\000e\000\040\000c\000o\000n\000t\000r\000o\000l\000\040\000\050\000c\000g\000r\000o\000u\000p\000s\000\051}{section.2.1}% 11
\BOOKMARK [1][-]{section.2.2}{\376\377\000E\000x\000t\000e\000n\000d\000e\000d\000\040\000B\000e\000r\000k\000e\000l\000e\000y\000\040\000P\000a\000c\000k\000e\000t\000\040\000F\000i\000l\000t\000e\000r\000\040\000\050\000e\000B\000P\000F\000\051}{chapter.2}% 12
\BOOKMARK [2][-]{subsection.2.2.1}{\376\377\000E\000v\000o\000l\000u\002\033\000i\000e\000\040\000d\000e\000\040\000l\000a\000\040\000B\000P\000F\000\040\000c\000l\000a\000s\000i\000c\000\040\000l\000a\000\040\000e\000B\000P\000F}{section.2.2}% 13
\BOOKMARK [2][-]{subsection.2.2.2}{\376\377\000M\000a\000p\000s\000\040\000e\000B\000P\000F\000\040\002\031\000i\000\040\000m\000e\000c\000a\000n\000i\000s\000m\000u\000l\000\040\000r\000i\000n\000g\000\040\000b\000u\000f\000f\000e\000r}{section.2.2}% 14
\BOOKMARK [2][-]{subsection.2.2.3}{\376\377\000K\000p\000r\000o\000b\000e\000s\000:\000\040\000i\000n\000s\000t\000r\000u\000m\000e\000n\000t\000a\000r\000e\000a\000\040\000d\000i\000n\000a\000m\000i\000c\001\003\000\040\000a\000\040\000k\000e\000r\000n\000e\000l\000-\000u\000l\000u\000i}{section.2.2}% 15
\BOOKMARK [1][-]{section.2.3}{\376\377\000S\000i\000s\000t\000e\000m\000e\000\040\000d\000e\000\040\000d\000e\000t\000e\000c\000t\000a\000r\000e\000\040\000a\000\040\000i\000n\000t\000r\000u\000z\000i\000u\000n\000i\000l\000o\000r}{chapter.2}% 16
\BOOKMARK [2][-]{subsection.2.3.1}{\376\377\000T\000a\000x\000o\000n\000o\000m\000i\000e\000\040\002\031\000i\000\040\000c\000l\000a\000s\000i\000f\000i\000c\000a\000r\000e}{section.2.3}% 17
\BOOKMARK [2][-]{subsection.2.3.2}{\376\377\000D\000e\000t\000e\000c\002\033\000i\000e\000\040\000b\000a\000z\000a\000t\001\003\000\040\000p\000e\000\040\000a\000n\000o\000m\000a\000l\000i\000i\000\040\000v\000e\000r\000s\000u\000s\000\040\000s\000e\000m\000n\001\003\000t\000u\000r\000i}{section.2.3}% 18
\BOOKMARK [1][-]{section.2.4}{\376\377\000A\000l\000g\000o\000r\000i\000t\000m\000u\000l\000\040\000I\000s\000o\000l\000a\000t\000i\000o\000n\000\040\000F\000o\000r\000e\000s\000t}{chapter.2}% 19
\BOOKMARK [1][-]{section.2.5}{\376\377\000I\000n\000s\000t\000r\000u\000m\000e\000n\000t\000e\000\040\000e\000x\000i\000s\000t\000e\000n\000t\000e\000\040\002\031\000i\000\040\000l\000u\000c\000r\001\003\000r\000i\000\040\000c\000o\000r\000e\000l\000a\000t\000e}{chapter.2}% 20
\BOOKMARK [0][-]{chapter.3}{\376\377\000A\000n\000a\000l\000i\000z\000a\000\040\002\031\000i\000\040\000P\000r\000o\000i\000e\000c\000t\000a\000r\000e\000a\000\040\000S\000i\000s\000t\000e\000m\000u\000l\000u\000i\000\040\000S\000e\000n\000t\000i\000n\000e\000l}{}% 21
\BOOKMARK [1][-]{section.3.1}{\376\377\000C\000e\000r\000i\000n\002\033\000e\000\040\000f\000u\000n\000c\002\033\000i\000o\000n\000a\000l\000e\000\040\002\031\000i\000\040\000n\000e\000f\000u\000n\000c\002\033\000i\000o\000n\000a\000l\000e}{chapter.3}% 22
\BOOKMARK [1][-]{section.3.2}{\376\377\000A\000r\000h\000i\000t\000e\000c\000t\000u\000r\000a\000\040\000s\000i\000s\000t\000e\000m\000u\000l\000u\000i}{chapter.3}% 23
\BOOKMARK [1][-]{section.3.3}{\376\377\000P\000r\000o\000i\000e\000c\000t\000a\000r\000e\000a\000\040\000p\000r\000o\000g\000r\000a\000m\000u\000l\000u\000i\000\040\000e\000B\000P\000F}{chapter.3}% 24
\BOOKMARK [1][-]{section.3.4}{\376\377\000P\000r\000o\000i\000e\000c\000t\000a\000r\000e\000a\000\040\000m\000o\000t\000o\000r\000u\000l\000u\000i\000\040\000d\000e\000\040\000s\000c\000o\000r\000i\000n\000g}{chapter.3}% 25
\BOOKMARK [2][-]{subsection.3.4.1}{\376\377\000S\000t\000r\000a\000t\000u\000l\000\040\0001\000:\000\040\000P\000o\000n\000d\000e\000r\000i\000\040\000s\000t\000a\000t\000i\000c\000e\000\040\000p\000e\000r\000\040\000s\000y\000s\000c\000a\000l\000l}{section.3.4}% 26
\BOOKMARK [2][-]{subsection.3.4.2}{\376\377\000S\000t\000r\000a\000t\000u\000l\000\040\0002\000:\000\040\000D\000e\000t\000e\000c\000t\000a\000r\000e\000a\000\040\000a\000c\000t\000i\000v\000i\000t\001\003\002\033\000i\000i\000\040\000\356\000n\000\040\000r\000a\000f\000a\000l\000e}{section.3.4}% 27
\BOOKMARK [2][-]{subsection.3.4.3}{\376\377\000S\000t\000r\000a\000t\000u\000l\000\040\0003\000:\000\040\000A\000l\000e\000r\000t\000e\000\040\000b\000a\000z\000a\000t\000e\000\040\000p\000e\000\040\000c\001\003\000i\000\040\000d\000e\000\040\000f\000i\002\031\000i\000e\000r\000e}{section.3.4}% 28
\BOOKMARK [2][-]{subsection.3.4.4}{\376\377\000I\000n\000t\000e\000g\000r\000a\000r\000e\000a\000\040\000s\000c\000o\000r\000e\000r\000u\000l\000u\000i\000\040\000M\000L}{section.3.4}% 29
\BOOKMARK [1][-]{section.3.5}{\376\377\000M\000a\002\031\000i\000n\000a\000\040\000d\000e\000\040\000s\000t\001\003\000r\000i\000\040\000p\000e\000n\000t\000r\000u\000\040\000c\000a\000r\000a\000n\000t\000i\000n\000a\000r\000e}{chapter.3}% 30
\BOOKMARK [1][-]{section.3.6}{\376\377\000S\000c\000h\000e\000m\000a\000\040\000b\000a\000z\000e\000i\000\040\000d\000e\000\040\000d\000a\000t\000e}{chapter.3}% 31
\BOOKMARK [0][-]{chapter.4}{\376\377\000I\000m\000p\000l\000e\000m\000e\000n\000t\000a\000r\000e\000\040\002\031\000i\000\040\000T\000e\000s\000t\000a\000r\000e}{}% 32
\BOOKMARK [1][-]{section.4.1}{\376\377\000M\000e\000d\000i\000u\000l\000\040\000d\000e\000\040\000d\000e\000z\000v\000o\000l\000t\000a\000r\000e\000\040\002\031\000i\000\040\000t\000e\000s\000t\000a\000r\000e}{chapter.4}% 33
\BOOKMARK [1][-]{section.4.2}{\376\377\000I\000m\000p\000l\000e\000m\000e\000n\000t\000a\000r\000e\000a\000\040\000p\000r\000o\000g\000r\000a\000m\000u\000l\000u\000i\000\040\000e\000B\000P\000F}{chapter.4}% 34
\BOOKMARK [1][-]{section.4.3}{\376\377\000I\000m\000p\000l\000e\000m\000e\000n\000t\000a\000r\000e\000a\000\040\000d\000a\000e\000m\000o\000n\000u\000l\000u\000i\000\040\000G\000o}{chapter.4}% 35
\BOOKMARK [1][-]{section.4.4}{\376\377\000I\000m\000p\000l\000e\000m\000e\000n\000t\000a\000r\000e\000a\000\040\000s\000c\000o\000r\000e\000r\000u\000l\000u\000i\000\040\000M\000L}{chapter.4}% 36
\BOOKMARK [1][-]{section.4.5}{\376\377\000I\000m\000p\000l\000e\000m\000e\000n\000t\000a\000r\000e\000a\000\040\000m\000a\000n\000a\000g\000e\000r\000u\000l\000u\000i\000\040\000d\000e\000\040\000c\000a\000r\000a\000n\000t\000i\000n\000a\000r\000e}{chapter.4}% 37
\BOOKMARK [1][-]{section.4.6}{\376\377\000S\000u\000i\000t\000a\000\040\000d\000e\000\040\000t\000e\000s\000t\000e\000\040\000d\000e\000\040\000a\000t\000a\000c}{chapter.4}% 38
\BOOKMARK [2][-]{subsection.4.6.1}{\376\377\000M\000e\000t\000o\000d\000o\000l\000o\000g\000i\000a\000\040\000d\000e\000\040\000t\000e\000s\000t\000a\000r\000e}{section.4.6}% 39
\BOOKMARK [2][-]{subsection.4.6.2}{\376\377\000S\000c\000e\000n\000a\000r\000i\000i\000l\000e\000\040\000d\000e\000\040\000b\000a\000z\001\003\000\040\000\050\000R\000E\000P\000-\0000\0001\000\040\040\023\000\040\000R\000E\000P\000-\0001\0002\000\051}{section.4.6}% 40
\BOOKMARK [2][-]{subsection.4.6.3}{\376\377\000S\000c\000e\000n\000a\000r\000i\000i\000l\000e\000\040\000a\000v\000a\000n\000s\000a\000t\000e\000\040\000\050\000R\000E\000P\000-\0001\0003\000\040\040\023\000\040\000R\000E\000P\000-\0002\0001\000\051}{section.4.6}% 41
\BOOKMARK [1][-]{section.4.7}{\376\377\000C\000o\000n\000s\000i\000d\000e\000r\000e\000n\000t\000e\000\040\000d\000e\000\040\000p\000e\000r\000f\000o\000r\000m\000a\000n\002\033\001\003}{chapter.4}% 42
\BOOKMARK [0][-]{chapter.5}{\376\377\000C\000o\000n\000c\000l\000u\000z\000i\000i}{}% 43
\BOOKMARK [1][-]{section*.2}{\376\377\000C\000o\000n\000t\000r\000i\000b\000u\002\033\000i\000i\000\040\000o\000r\000i\000g\000i\000n\000a\000l\000e}{chapter.5}% 44
\BOOKMARK [1][-]{section*.3}{\376\377\000L\000i\000m\000i\000t\001\003\000r\000i}{chapter.5}% 45
\BOOKMARK [1][-]{section*.4}{\376\377\000D\000i\000r\000e\000c\002\033\000i\000i\000\040\000d\000e\000\040\000c\000e\000r\000c\000e\000t\000a\000r\000e\000\040\000v\000i\000i\000t\000o\000a\000r\000e}{chapter.5}% 46
\BOOKMARK [0][-]{chapter*.5}{\376\377\000B\000i\000b\000l\000i\000o\000g\000r\000a\000f\000i\000e}{}% 47
